START v88-base-validation-drag00-88000-prbs
START v88-base-validation-drag00-88001-multisine
{"native_exit": 0, "group_stopped": true, "seconds": 113.0523343142122, "command": ["/root/shared-nvme/agentic-auv/runtime/bin/python", "-B", "-m", "workflows.collect_disturbance_data_v88", "--case", "v88-base-validation-drag00-88000-prbs", "--manifest", "v88-manifest.json", "--output", "data/v88-base-validation-drag00-88000-prbs"]}
{"status": "accepted_data_only", "case": {"run_id": "v88-base-validation-drag00-88000-prbs", "configuration": "base", "role": "validation", "seed": 88000, "excitation": "prbs", "amplitude_scale": 1.25, "controls": 320, "hidden_drag_fraction": 0.0}, "trace_sha256": "76dbe8bbc6b8b802d8ef84d7b8f654461496092ef89de7bfb368bcebf086bcf8", "states_shape": [1281, 11], "inputs_shape": [1280, 6], "max_linear_speed": 0.20975673038459997, "max_angular_speed": 0.5623604562172385, "max_attitude_rad": 0.2687319387718056}
{"native_exit": 0, "group_stopped": true, "seconds": 121.98828317411244, "command": ["/root/shared-nvme/agentic-auv/runtime/bin/python", "-B", "-m", "workflows.collect_disturbance_data_v88", "--case", "v88-base-validation-drag00-88001-multisine", "--manifest", "v88-manifest.json", "--output", "data/v88-base-validation-drag00-88001-multisine"]}
{"status": "accepted_data_only", "case": {"run_id": "v88-base-validation-drag00-88001-multisine", "configuration": "base", "role": "validation", "seed": 88001, "excitation": "multisine", "amplitude_scale": 1.25, "controls": 320, "hidden_drag_fraction": 0.0}, "trace_sha256": "08e05a20148c75c4b87d1f5d858cbea83cec27b8c248e0ccaebb93058bbec644", "states_shape": [1281, 11], "inputs_shape": [1280, 6], "max_linear_speed": 0.12679424746865467, "max_angular_speed": 0.35026636045866, "max_attitude_rad": 0.14336432008261313}
START v88-base-validation-drag00-88002-chirp
START v88-base-validation-drag00-88003-pulses
{"native_exit": 0, "group_stopped": true, "seconds": 109.94537517987192, "command": ["/root/shared-nvme/agentic-auv/runtime/bin/python", "-B", "-m", "workflows.collect_disturbance_data_v88", "--case", "v88-base-validation-drag00-88003-pulses", "--manifest", "v88-manifest.json", "--output", "data/v88-base-validation-drag00-88003-pulses"]}
{"native_exit": 0, "group_stopped": true, "seconds": 110.87150644697249, "command": ["/root/shared-nvme/agentic-auv/runtime/bin/python", "-B", "-m", "workflows.collect_disturbance_data_v88", "--case", "v88-base-validation-drag00-88002-chirp", "--manifest", "v88-manifest.json", "--output", "data/v88-base-validation-drag00-88002-chirp"]}
{"status": "accepted_data_only", "case": {"run_id": "v88-base-validation-drag00-88003-pulses", "configuration": "base", "role": "validation", "seed": 88003, "excitation": "pulses", "amplitude_scale": 1.25, "controls": 320, "hidden_drag_fraction": 0.0}, "trace_sha256": "6d81befb05402e4eb4da1cb5a51f1428151d5a612c9dfc72b3347259c6ce6013", "states_shape": [1281, 11], "inputs_shape": [1280, 6], "max_linear_speed": 0.21608566550901698, "max_angular_speed": 0.43593086341820597, "max_attitude_rad": 0.2501468024398614}
{"status": "accepted_data_only", "case": {"run_id": "v88-base-validation-drag00-88002-chirp", "configuration": "base", "role": "validation", "seed": 88002, "excitation": "chirp", "amplitude_scale": 1.25, "controls": 320, "hidden_drag_fraction": 0.0}, "trace_sha256": "f8f5f2d7a855010543ae4059b3b874678ea2e239ae6f99228e1abdbfe00f63fb", "states_shape": [1281, 11], "inputs_shape": [1280, 6], "max_linear_speed": 0.10843938548854966, "max_angular_speed": 0.4456619405865548, "max_attitude_rad": 0.1642481019515679}
START v88-base-validation-drag10-88000-prbs
START v88-base-validation-drag10-88001-multisine
{"native_exit": 0, "group_stopped": true, "seconds": 104.01516768336296, "command": ["/root/shared-nvme/agentic-auv/runtime/bin/python", "-B", "-m", "workflows.collect_disturbance_data_v88", "--case", "v88-base-validation-drag10-88001-multisine", "--manifest", "v88-manifest.json", "--output", "data/v88-base-validation-drag10-88001-multisine"]}
{"status": "accepted_data_only", "case": {"run_id": "v88-base-validation-drag10-88001-multisine", "configuration": "base", "role": "validation", "seed": 88001, "excitation": "multisine", "amplitude_scale": 1.25, "controls": 320, "hidden_drag_fraction": 0.1}, "trace_sha256": "cda78dba3f16495ea7bef9f4462520e2d074d0e578409f776aab63a98f3f3c7b", "states_shape": [1281, 11], "inputs_shape": [1280, 6], "max_linear_speed": 0.12424450870461613, "max_angular_speed": 0.3495640856823936, "max_attitude_rad": 0.14317278048917295}
{"native_exit": 0, "group_stopped": true, "seconds": 113.04272920452058, "command": ["/root/shared-nvme/agentic-auv/runtime/bin/python", "-B", "-m", "workflows.collect_disturbance_data_v88", "--case", "v88-base-validation-drag10-88000-prbs", "--manifest", "v88-manifest.json", "--output", "data/v88-base-validation-drag10-88000-prbs"]}
{"status": "accepted_data_only", "case": {"run_id": "v88-base-validation-drag10-88000-prbs", "configuration": "base", "role": "validation", "seed": 88000, "excitation": "prbs", "amplitude_scale": 1.25, "controls": 320, "hidden_drag_fraction": 0.1}, "trace_sha256": "7cb9568ff5adfad4a3f1f463fe5ef224c1616dfabce52424de9269fd48e71b67", "states_shape": [1281, 11], "inputs_shape": [1280, 6], "max_linear_speed": 0.20335346556152062, "max_angular_speed": 0.5600934132059218, "max_attitude_rad": 0.2685841793488755}
START v88-base-validation-drag10-88002-chirp
START v88-base-validation-drag10-88003-pulses
{"native_exit": 0, "group_stopped": true, "seconds": 107.77978408522904, "command": ["/root/shared-nvme/agentic-auv/runtime/bin/python", "-B", "-m", "workflows.collect_disturbance_data_v88", "--case", "v88-base-validation-drag10-88003-pulses", "--manifest", "v88-manifest.json", "--output", "data/v88-base-validation-drag10-88003-pulses"]}
{"status": "accepted_data_only", "case": {"run_id": "v88-base-validation-drag10-88003-pulses", "configuration": "base", "role": "validation", "seed": 88003, "excitation": "pulses", "amplitude_scale": 1.25, "controls": 320, "hidden_drag_fraction": 0.1}, "trace_sha256": "05fbcf68decf16c69899278210e1f0bcef83584a1cde7d897683b52f1385c088", "states_shape": [1281, 11], "inputs_shape": [1280, 6], "max_linear_speed": 0.20883329390353506, "max_angular_speed": 0.435811817093573, "max_attitude_rad": 0.24960726285664192}
{"native_exit": 0, "group_stopped": true, "seconds": 115.35433983244002, "command": ["/root/shared-nvme/agentic-auv/runtime/bin/python", "-B", "-m", "workflows.collect_disturbance_data_v88", "--case", "v88-base-validation-drag10-88002-chirp", "--manifest", "v88-manifest.json", "--output", "data/v88-base-validation-drag10-88002-chirp"]}
{"status": "accepted_data_only", "case": {"run_id": "v88-base-validation-drag10-88002-chirp", "configuration": "base", "role": "validation", "seed": 88002, "excitation": "chirp", "amplitude_scale": 1.25, "controls": 320, "hidden_drag_fraction": 0.1}, "trace_sha256": "38c5786422a003b49bbb826a4b73ac5a5d1f7b383b5347d5e304fe9869b02904", "states_shape": [1281, 11], "inputs_shape": [1280, 6], "max_linear_speed": 0.1084663736369756, "max_angular_speed": 0.4431721507738451, "max_attitude_rad": 0.1637867883838403}
START v88-base-validation-drag30-88000-prbs
START v88-base-validation-drag30-88001-multisine
{"native_exit": 0, "group_stopped": true, "seconds": 108.61191940493882, "command": ["/root/shared-nvme/agentic-auv/runtime/bin/python", "-B", "-m", "workflows.collect_disturbance_data_v88", "--case", "v88-base-validation-drag30-88000-prbs", "--manifest", "v88-manifest.json", "--output", "data/v88-base-validation-drag30-88000-prbs"]}
{"native_exit": 0, "group_stopped": true, "seconds": 109.72709478251636, "command": ["/root/shared-nvme/agentic-auv/runtime/bin/python", "-B", "-m", "workflows.collect_disturbance_data_v88", "--case", "v88-base-validation-drag30-88001-multisine", "--manifest", "v88-manifest.json", "--output", "data/v88-base-validation-drag30-88001-multisine"]}
{"status": "accepted_data_only", "case": {"run_id": "v88-base-validation-drag30-88000-prbs", "configuration": "base", "role": "validation", "seed": 88000, "excitation": "prbs", "amplitude_scale": 1.25, "controls": 320, "hidden_drag_fraction": 0.3}, "trace_sha256": "7cf16379a2f1b8b09ec0cd9c30d64578f32578b2ed20d37d1b07e77ae61eb638", "states_shape": [1281, 11], "inputs_shape": [1280, 6], "max_linear_speed": 0.19162189764801904, "max_angular_speed": 0.5557673148983282, "max_attitude_rad": 0.268398029910253}
{"status": "accepted_data_only", "case": {"run_id": "v88-base-validation-drag30-88001-multisine", "configuration": "base", "role": "validation", "seed": 88001, "excitation": "multisine", "amplitude_scale": 1.25, "controls": 320, "hidden_drag_fraction": 0.3}, "trace_sha256": "42d6d3c405587ff70e72f046723e2d0c9a95dbe41468a610bdbb25144526022f", "states_shape": [1281, 11], "inputs_shape": [1280, 6], "max_linear_speed": 0.11951338388392754, "max_angular_speed": 0.3479112215786086, "max_attitude_rad": 0.14269197245093035}
START v88-base-validation-drag30-88002-chirp
START v88-base-validation-drag30-88003-pulses
{"native_exit": 0, "group_stopped": true, "seconds": 107.01260052621365, "command": ["/root/shared-nvme/agentic-auv/runtime/bin/python", "-B", "-m", "workflows.collect_disturbance_data_v88", "--case", "v88-base-validation-drag30-88003-pulses", "--manifest", "v88-manifest.json", "--output", "data/v88-base-validation-drag30-88003-pulses"]}
{"native_exit": 0, "group_stopped": true, "seconds": 107.70344593189657, "command": ["/root/shared-nvme/agentic-auv/runtime/bin/python", "-B", "-m", "workflows.collect_disturbance_data_v88", "--case", "v88-base-validation-drag30-88002-chirp", "--manifest", "v88-manifest.json", "--output", "data/v88-base-validation-drag30-88002-chirp"]}
{"status": "accepted_data_only", "case": {"run_id": "v88-base-validation-drag30-88003-pulses", "configuration": "base", "role": "validation", "seed": 88003, "excitation": "pulses", "amplitude_scale": 1.25, "controls": 320, "hidden_drag_fraction": 0.3}, "trace_sha256": "a8f89e0b8a92d254b2f103f73bf2782ee9228869b338b0129d55748cc283705e", "states_shape": [1281, 11], "inputs_shape": [1280, 6], "max_linear_speed": 0.19589870628160075, "max_angular_speed": 0.4312048324569307, "max_attitude_rad": 0.24790547747887426}
{"status": "accepted_data_only", "case": {"run_id": "v88-base-validation-drag30-88002-chirp", "configuration": "base", "role": "validation", "seed": 88002, "excitation": "chirp", "amplitude_scale": 1.25, "controls": 320, "hidden_drag_fraction": 0.3}, "trace_sha256": "e7aa9591bbf21104f3211079de1add6ebeb93077d85b59f6d4e904bd01dd4f90", "states_shape": [1281, 11], "inputs_shape": [1280, 6], "max_linear_speed": 0.10806046305394186, "max_angular_speed": 0.4373810991116761, "max_attitude_rad": 0.16269602408394118}
START v88-base-test-drag00-88100-prbs
START v88-base-test-drag00-88101-multisine
{"native_exit": 0, "group_stopped": true, "seconds": 107.40962370857596, "command": ["/root/shared-nvme/agentic-auv/runtime/bin/python", "-B", "-m", "workflows.collect_disturbance_data_v88", "--case", "v88-base-test-drag00-88100-prbs", "--manifest", "v88-manifest.json", "--output", "data/v88-base-test-drag00-88100-prbs"]}
{"native_exit": 0, "group_stopped": true, "seconds": 109.96582002379, "command": ["/root/shared-nvme/agentic-auv/runtime/bin/python", "-B", "-m", "workflows.collect_disturbance_data_v88", "--case", "v88-base-test-drag00-88101-multisine", "--manifest", "v88-manifest.json", "--output", "data/v88-base-test-drag00-88101-multisine"]}
{"status": "accepted_data_only", "case": {"run_id": "v88-base-test-drag00-88100-prbs", "configuration": "base", "role": "test", "seed": 88100, "excitation": "prbs", "amplitude_scale": 1.75, "controls": 320, "hidden_drag_fraction": 0.0}, "trace_sha256": "3c9f09d6d9a6ab68d8ec4b461243a2b41f363e45581b3d549776ce0436c74070", "states_shape": [1281, 11], "inputs_shape": [1280, 6], "max_linear_speed": 0.17378222944862246, "max_angular_speed": 0.7368093457826159, "max_attitude_rad": 0.38558738242612056}
{"status": "accepted_data_only", "case": {"run_id": "v88-base-test-drag00-88101-multisine", "configuration": "base", "role": "test", "seed": 88101, "excitation": "multisine", "amplitude_scale": 1.75, "controls": 320, "hidden_drag_fraction": 0.0}, "trace_sha256": "dde0655ded46fdb9199e959a9f9cf2c23344fe08e3af25fc8e93e310c0645262", "states_shape": [1281, 11], "inputs_shape": [1280, 6], "max_linear_speed": 0.1939377692840749, "max_angular_speed": 0.45517887259701983, "max_attitude_rad": 0.18400763904763548}
START v88-base-test-drag00-88102-chirp
START v88-base-test-drag00-88103-pulses
{"native_exit": 0, "group_stopped": true, "seconds": 106.93568757548928, "command": ["/root/shared-nvme/agentic-auv/runtime/bin/python", "-B", "-m", "workflows.collect_disturbance_data_v88", "--case", "v88-base-test-drag00-88102-chirp", "--manifest", "v88-manifest.json", "--output", "data/v88-base-test-drag00-88102-chirp"]}
{"native_exit": 0, "group_stopped": true, "seconds": 108.44375708140433, "command": ["/root/shared-nvme/agentic-auv/runtime/bin/python", "-B", "-m", "workflows.collect_disturbance_data_v88", "--case", "v88-base-test-drag00-88103-pulses", "--manifest", "v88-manifest.json", "--output", "data/v88-base-test-drag00-88103-pulses"]}
{"status": "accepted_data_only", "case": {"run_id": "v88-base-test-drag00-88102-chirp", "configuration": "base", "role": "test", "seed": 88102, "excitation": "chirp", "amplitude_scale": 1.75, "controls": 320, "hidden_drag_fraction": 0.0}, "trace_sha256": "900a1a25080b88c17b1506cad3b5a2e07c48e60ff46a4eeab99d1633316f3d77", "states_shape": [1281, 11], "inputs_shape": [1280, 6], "max_linear_speed": 0.156668626339559, "max_angular_speed": 0.5901251216602791, "max_attitude_rad": 0.1875598215667603}
{"status": "accepted_data_only", "case": {"run_id": "v88-base-test-drag00-88103-pulses", "configuration": "base", "role": "test", "seed": 88103, "excitation": "pulses", "amplitude_scale": 1.75, "controls": 320, "hidden_drag_fraction": 0.0}, "trace_sha256": "ad37274b86456d1202ed885e0de189179b618472f94140fcf927add1e324d7a9", "states_shape": [1281, 11], "inputs_shape": [1280, 6], "max_linear_speed": 0.233222615104085, "max_angular_speed": 0.6201577275565753, "max_attitude_rad": 0.2899953106228517}
START v88-base-test-drag10-88100-prbs
START v88-base-test-drag10-88101-multisine
{"native_exit": 0, "group_stopped": true, "seconds": 102.30085721611977, "command": ["/root/shared-nvme/agentic-auv/runtime/bin/python", "-B", "-m", "workflows.collect_disturbance_data_v88", "--case", "v88-base-test-drag10-88101-multisine", "--manifest", "v88-manifest.json", "--output", "data/v88-base-test-drag10-88101-multisine"]}
{"native_exit": 0, "group_stopped": true, "seconds": 105.90711273439229, "command": ["/root/shared-nvme/agentic-auv/runtime/bin/python", "-B", "-m", "workflows.collect_disturbance_data_v88", "--case", "v88-base-test-drag10-88100-prbs", "--manifest", "v88-manifest.json", "--output", "data/v88-base-test-drag10-88100-prbs"]}
{"status": "accepted_data_only", "case": {"run_id": "v88-base-test-drag10-88101-multisine", "configuration": "base", "role": "test", "seed": 88101, "excitation": "multisine", "amplitude_scale": 1.75, "controls": 320, "hidden_drag_fraction": 0.1}, "trace_sha256": "65c8aa5d4827444e01f24ae4b93ad8acb8926571faddec190f23669a1847eaba", "states_shape": [1281, 11], "inputs_shape": [1280, 6], "max_linear_speed": 0.1875870727600589, "max_angular_speed": 0.45138023125732357, "max_attitude_rad": 0.18105813744404106}
{"status": "accepted_data_only", "case": {"run_id": "v88-base-test-drag10-88100-prbs", "configuration": "base", "role": "test", "seed": 88100, "excitation": "prbs", "amplitude_scale": 1.75, "controls": 320, "hidden_drag_fraction": 0.1}, "trace_sha256": "dbf1ac8039a75b9f8b45a051f11387a717c5568e81bd70a804261c8e4c890ffa", "states_shape": [1281, 11], "inputs_shape": [1280, 6], "max_linear_speed": 0.17268614506597477, "max_angular_speed": 0.737497046418696, "max_attitude_rad": 0.38631402628728173}
START v88-base-test-drag10-88102-chirp
START v88-base-test-drag10-88103-pulses
{"native_exit": 0, "group_stopped": true, "seconds": 102.48629227280617, "command": ["/root/shared-nvme/agentic-auv/runtime/bin/python", "-B", "-m", "workflows.collect_disturbance_data_v88", "--case", "v88-base-test-drag10-88102-chirp", "--manifest", "v88-manifest.json", "--output", "data/v88-base-test-drag10-88102-chirp"]}
{"status": "accepted_data_only", "case": {"run_id": "v88-base-test-drag10-88102-chirp", "configuration": "base", "role": "test", "seed": 88102, "excitation": "chirp", "amplitude_scale": 1.75, "controls": 320, "hidden_drag_fraction": 0.1}, "trace_sha256": "3f26c4318807860a2b573fd8f4e1e45c672895978acf41d65876f4fde18e8d34", "states_shape": [1281, 11], "inputs_shape": [1280, 6], "max_linear_speed": 0.15296329143406773, "max_angular_speed": 0.5880526897944449, "max_attitude_rad": 0.1864925446556778}
{"native_exit": 0, "group_stopped": true, "seconds": 110.83123113028705, "command": ["/root/shared-nvme/agentic-auv/runtime/bin/python", "-B", "-m", "workflows.collect_disturbance_data_v88", "--case", "v88-base-test-drag10-88103-pulses", "--manifest", "v88-manifest.json", "--output", "data/v88-base-test-drag10-88103-pulses"]}
{"status": "accepted_data_only", "case": {"run_id": "v88-base-test-drag10-88103-pulses", "configuration": "base", "role": "test", "seed": 88103, "excitation": "pulses", "amplitude_scale": 1.75, "controls": 320, "hidden_drag_fraction": 0.1}, "trace_sha256": "11bd00974a7f2da82bc6e10e4b8a299eadbc422ed76433078bc348fc70dddf9b", "states_shape": [1281, 11], "inputs_shape": [1280, 6], "max_linear_speed": 0.2252724390158751, "max_angular_speed": 0.6181522937359321, "max_attitude_rad": 0.286912384879051}
START v88-base-test-drag30-88100-prbs
START v88-base-test-drag30-88101-multisine
{"native_exit": 0, "group_stopped": true, "seconds": 109.19327234104276, "command": ["/root/shared-nvme/agentic-auv/runtime/bin/python", "-B", "-m", "workflows.collect_disturbance_data_v88", "--case", "v88-base-test-drag30-88100-prbs", "--manifest", "v88-manifest.json", "--output", "data/v88-base-test-drag30-88100-prbs"]}
{"native_exit": 0, "group_stopped": true, "seconds": 109.97857151180506, "command": ["/root/shared-nvme/agentic-auv/runtime/bin/python", "-B", "-m", "workflows.collect_disturbance_data_v88", "--case", "v88-base-test-drag30-88101-multisine", "--manifest", "v88-manifest.json", "--output", "data/v88-base-test-drag30-88101-multisine"]}
{"status": "accepted_data_only", "case": {"run_id": "v88-base-test-drag30-88100-prbs", "configuration": "base", "role": "test", "seed": 88100, "excitation": "prbs", "amplitude_scale": 1.75, "controls": 320, "hidden_drag_fraction": 0.3}, "trace_sha256": "ba04db0fab7ff485f52974c2b28a576f0efeb0cdcca1840242a175f1a13e2e00", "states_shape": [1281, 11], "inputs_shape": [1280, 6], "max_linear_speed": 0.17010815568654586, "max_angular_speed": 0.7296017771110862, "max_attitude_rad": 0.3862438450615959}
{"status": "accepted_data_only", "case": {"run_id": "v88-base-test-drag30-88101-multisine", "configuration": "base", "role": "test", "seed": 88101, "excitation": "multisine", "amplitude_scale": 1.75, "controls": 320, "hidden_drag_fraction": 0.3}, "trace_sha256": "fe4b1b4de048016e24f079220b534317a278e953377f04c45b91d706101cfe43", "states_shape": [1281, 11], "inputs_shape": [1280, 6], "max_linear_speed": 0.17623380672951053, "max_angular_speed": 0.4485652685282667, "max_attitude_rad": 0.1811372366410398}
START v88-base-test-drag30-88102-chirp
START v88-base-test-drag30-88103-pulses
{"native_exit": 0, "group_stopped": true, "seconds": 106.1593105494976, "command": ["/root/shared-nvme/agentic-auv/runtime/bin/python", "-B", "-m", "workflows.collect_disturbance_data_v88", "--case", "v88-base-test-drag30-88103-pulses", "--manifest", "v88-manifest.json", "--output", "data/v88-base-test-drag30-88103-pulses"]}
{"native_exit": 0, "group_stopped": true, "seconds": 107.92893927171826, "command": ["/root/shared-nvme/agentic-auv/runtime/bin/python", "-B", "-m", "workflows.collect_disturbance_data_v88", "--case", "v88-base-test-drag30-88102-chirp", "--manifest", "v88-manifest.json", "--output", "data/v88-base-test-drag30-88102-chirp"]}
{"status": "accepted_data_only", "case": {"run_id": "v88-base-test-drag30-88103-pulses", "configuration": "base", "role": "test", "seed": 88103, "excitation": "pulses", "amplitude_scale": 1.75, "controls": 320, "hidden_drag_fraction": 0.3}, "trace_sha256": "da22ccbf17238e2a2ab63823edd40bd2e52247c55a9ea027493ebbc7a9b438a5", "states_shape": [1281, 11], "inputs_shape": [1280, 6], "max_linear_speed": 0.21154625026560367, "max_angular_speed": 0.6113771307885382, "max_attitude_rad": 0.28542180709905735}
{"status": "accepted_data_only", "case": {"run_id": "v88-base-test-drag30-88102-chirp", "configuration": "base", "role": "test", "seed": 88102, "excitation": "chirp", "amplitude_scale": 1.75, "controls": 320, "hidden_drag_fraction": 0.3}, "trace_sha256": "ecdb7e88deb1d9aa2e430c24df9785342a6c8fe7fb95170f95acadf861a3a2dd", "states_shape": [1281, 11], "inputs_shape": [1280, 6], "max_linear_speed": 0.14559728176074088, "max_angular_speed": 0.5822365255830524, "max_attitude_rad": 0.18645029033164842}
