V88_SOLVE physics v88-base-validation-drag00-88000-prbs 384 passed=True reason=None
V88_SOLVE physics v88-base-validation-drag00-88000-prbs 896 passed=True reason=None
V88_SOLVE physics v88-base-validation-drag00-88002-chirp 384 passed=True reason=None
V88_SOLVE physics v88-base-validation-drag00-88002-chirp 896 passed=True reason=None
V88_SOLVE physics v88-base-validation-drag10-88000-prbs 384 passed=True reason=None
V88_SOLVE physics v88-base-validation-drag10-88000-prbs 896 passed=True reason=None
V88_SOLVE physics v88-base-validation-drag10-88002-chirp 384 passed=True reason=None
V88_SOLVE physics v88-base-validation-drag10-88002-chirp 896 passed=True reason=None
V88_SOLVE physics v88-base-validation-drag30-88000-prbs 384 passed=True reason=None
V88_SOLVE physics v88-base-validation-drag30-88000-prbs 896 passed=True reason=None
V88_SOLVE physics v88-base-validation-drag30-88002-chirp 384 passed=True reason=None
V88_SOLVE physics v88-base-validation-drag30-88002-chirp 896 passed=True reason=None
V88_SOLVE koopman v88-base-validation-drag00-88000-prbs 384 passed=True reason=None
V88_SOLVE koopman v88-base-validation-drag00-88000-prbs 896 passed=True reason=None
V88_SOLVE koopman v88-base-validation-drag00-88002-chirp 384 passed=True reason=None
V88_SOLVE koopman v88-base-validation-drag00-88002-chirp 896 passed=True reason=None
V88_SOLVE koopman v88-base-validation-drag10-88000-prbs 384 passed=True reason=None
V88_SOLVE koopman v88-base-validation-drag10-88000-prbs 896 passed=True reason=None
V88_SOLVE koopman v88-base-validation-drag10-88002-chirp 384 passed=True reason=None
V88_SOLVE koopman v88-base-validation-drag10-88002-chirp 896 passed=True reason=None
V88_SOLVE koopman v88-base-validation-drag30-88000-prbs 384 passed=True reason=None
V88_SOLVE koopman v88-base-validation-drag30-88000-prbs 896 passed=True reason=None
V88_SOLVE koopman v88-base-validation-drag30-88002-chirp 384 passed=True reason=None
V88_SOLVE koopman v88-base-validation-drag30-88002-chirp 896 passed=True reason=None
V88_SOLVE hybrid v88-base-validation-drag00-88000-prbs 384 passed=True reason=None
V88_SOLVE hybrid v88-base-validation-drag00-88000-prbs 896 passed=True reason=None
V88_SOLVE hybrid v88-base-validation-drag00-88002-chirp 384 passed=True reason=None
V88_SOLVE hybrid v88-base-validation-drag00-88002-chirp 896 passed=True reason=None
V88_SOLVE hybrid v88-base-validation-drag10-88000-prbs 384 passed=True reason=None
V88_SOLVE hybrid v88-base-validation-drag10-88000-prbs 896 passed=True reason=None
V88_SOLVE hybrid v88-base-validation-drag10-88002-chirp 384 passed=True reason=None
V88_SOLVE hybrid v88-base-validation-drag10-88002-chirp 896 passed=True reason=None
V88_SOLVE hybrid v88-base-validation-drag30-88000-prbs 384 passed=True reason=None
V88_SOLVE hybrid v88-base-validation-drag30-88000-prbs 896 passed=True reason=None
V88_SOLVE hybrid v88-base-validation-drag30-88002-chirp 384 passed=True reason=None
V88_SOLVE hybrid v88-base-validation-drag30-88002-chirp 896 passed=True reason=None
