START v86-base-train-86011-multisine
{"native_exit": 0, "group_stopped": true, "seconds": 81.63947192393243, "command": ["/root/shared-nvme/agentic-auv/runtime/bin/python", "-B", "-m", "workflows.collect_disturbance_data_v86", "--case", "v86-base-train-86011-multisine", "--manifest", "v86-manifest.json", "--output", "data/v86-base-train-86011-multisine"]}
{"status": "accepted_data_only", "case": {"run_id": "v86-base-train-86011-multisine", "configuration": "base", "role": "train", "seed": 86011, "excitation": "multisine", "controls": 160, "hidden_drag_fraction": 0.2}, "trace_sha256": "46f85a7eee60d3db51689f764e36b15e770abcadba4e3e3c92518ca57ccb7052", "states_shape": [641, 11], "inputs_shape": [640, 6], "prediction_benefit_established": false, "closed_loop_benefit_established": false}
START v86-base-train-86012-prbs
{"native_exit": 0, "group_stopped": true, "seconds": 80.36213909648359, "command": ["/root/shared-nvme/agentic-auv/runtime/bin/python", "-B", "-m", "workflows.collect_disturbance_data_v86", "--case", "v86-base-train-86012-prbs", "--manifest", "v86-manifest.json", "--output", "data/v86-base-train-86012-prbs"]}
{"status": "accepted_data_only", "case": {"run_id": "v86-base-train-86012-prbs", "configuration": "base", "role": "train", "seed": 86012, "excitation": "prbs", "controls": 160, "hidden_drag_fraction": 0.2}, "trace_sha256": "29152f405c4f04fdd0c0c9840b7d3587d6d82f6804c1834b57be18f25292d790", "states_shape": [641, 11], "inputs_shape": [640, 6], "prediction_benefit_established": false, "closed_loop_benefit_established": false}
START v86-base-train-86013-multisine
{"native_exit": 0, "group_stopped": true, "seconds": 85.04503401741385, "command": ["/root/shared-nvme/agentic-auv/runtime/bin/python", "-B", "-m", "workflows.collect_disturbance_data_v86", "--case", "v86-base-train-86013-multisine", "--manifest", "v86-manifest.json", "--output", "data/v86-base-train-86013-multisine"]}
{"status": "accepted_data_only", "case": {"run_id": "v86-base-train-86013-multisine", "configuration": "base", "role": "train", "seed": 86013, "excitation": "multisine", "controls": 160, "hidden_drag_fraction": 0.2}, "trace_sha256": "32e04ed03b83d45e701e2d683b0cba1df0e27ba6b836365497fabd7a8f8e091b", "states_shape": [641, 11], "inputs_shape": [640, 6], "prediction_benefit_established": false, "closed_loop_benefit_established": false}
START v86-base-validation-86014-prbs
{"native_exit": 0, "group_stopped": true, "seconds": 77.6514571364969, "command": ["/root/shared-nvme/agentic-auv/runtime/bin/python", "-B", "-m", "workflows.collect_disturbance_data_v86", "--case", "v86-base-validation-86014-prbs", "--manifest", "v86-manifest.json", "--output", "data/v86-base-validation-86014-prbs"]}
{"status": "accepted_data_only", "case": {"run_id": "v86-base-validation-86014-prbs", "configuration": "base", "role": "validation", "seed": 86014, "excitation": "prbs", "controls": 160, "hidden_drag_fraction": 0.2}, "trace_sha256": "da6cd049d2291459a7563a9f4e237b21e0c20407244af85962d476557231bde7", "states_shape": [641, 11], "inputs_shape": [640, 6], "prediction_benefit_established": false, "closed_loop_benefit_established": false}
START v86-base-validation-86015-multisine
{"native_exit": 0, "group_stopped": true, "seconds": 78.2416974529624, "command": ["/root/shared-nvme/agentic-auv/runtime/bin/python", "-B", "-m", "workflows.collect_disturbance_data_v86", "--case", "v86-base-validation-86015-multisine", "--manifest", "v86-manifest.json", "--output", "data/v86-base-validation-86015-multisine"]}
{"status": "accepted_data_only", "case": {"run_id": "v86-base-validation-86015-multisine", "configuration": "base", "role": "validation", "seed": 86015, "excitation": "multisine", "controls": 160, "hidden_drag_fraction": 0.2}, "trace_sha256": "1c97ddb377ee7ee4846800838676faec78f636844156f4c0bc343c34661b5fce", "states_shape": [641, 11], "inputs_shape": [640, 6], "prediction_benefit_established": false, "closed_loop_benefit_established": false}
START v86-base-test-86016-chirp
{"native_exit": 0, "group_stopped": true, "seconds": 79.27312779985368, "command": ["/root/shared-nvme/agentic-auv/runtime/bin/python", "-B", "-m", "workflows.collect_disturbance_data_v86", "--case", "v86-base-test-86016-chirp", "--manifest", "v86-manifest.json", "--output", "data/v86-base-test-86016-chirp"]}
{"status": "accepted_data_only", "case": {"run_id": "v86-base-test-86016-chirp", "configuration": "base", "role": "test", "seed": 86016, "excitation": "chirp", "controls": 160, "hidden_drag_fraction": 0.2}, "trace_sha256": "23a926174a0288f8ac8350cb9a099cff845287d906354021661c4066e38c4e81", "states_shape": [641, 11], "inputs_shape": [640, 6], "prediction_benefit_established": false, "closed_loop_benefit_established": false}
START v86-base-test-86017-chirp
{"native_exit": 0, "group_stopped": true, "seconds": 79.42721820063889, "command": ["/root/shared-nvme/agentic-auv/runtime/bin/python", "-B", "-m", "workflows.collect_disturbance_data_v86", "--case", "v86-base-test-86017-chirp", "--manifest", "v86-manifest.json", "--output", "data/v86-base-test-86017-chirp"]}
{"status": "accepted_data_only", "case": {"run_id": "v86-base-test-86017-chirp", "configuration": "base", "role": "test", "seed": 86017, "excitation": "chirp", "controls": 160, "hidden_drag_fraction": 0.2}, "trace_sha256": "7bd64b95112af8b151c10135cbf5d8ef5eb8d1b3dd4bfde61fce432094f57598", "states_shape": [641, 11], "inputs_shape": [640, 6], "prediction_benefit_established": false, "closed_loop_benefit_established": false}
