[3gH    H    H    H    H    H    H    H    H    H    H    H    H    H    H    H    H    H    H    H   [INFO] Using python from: /opt/conda/envs/isaaclab/bin/python
[INFO][AppLauncher]: Using device: cuda:0
[INFO][AppLauncher]: Loading experience file: /root/IsaacLab/apps/isaaclab.python.headless.kit
[Warning] [simulation_app.simulation_app] Modules: ['omni.kit_app'] were loaded before SimulationApp was started and might not be loaded correctly.
[Warning] [simulation_app.simulation_app] Please check to make sure no extra omniverse or pxr modules are imported before the call to SimulationApp(...)
Loading user config located at: '/opt/conda/envs/isaaclab/lib/python3.11/site-packages/omni/data/Kit/Isaac-Sim/5.0/user.config.json'
[Info] [carb] Logging to file: /opt/conda/envs/isaaclab/lib/python3.11/site-packages/omni/logs/Kit/Isaac-Sim/5.0/kit_20260812_145009.log
2026-08-12T06:50:09Z [117ms] [Warning] [omni.usd_config.extension] Enable omni.materialx.libs extension to use MaterialX
2026-08-12T06:50:10Z [876ms] [Warning] [omni.isaac.dynamic_control] omni.isaac.dynamic_control is deprecated as of Isaac Sim 4.5. No action is needed from end-users.
Warp CUDA error: Failed to get driver entry point 'cuDeviceGetUuid' (CUDA error 1)
Warp CUDA error: Function cuDeviceGetUuid_f: a suitable driver entry point was not found
Warp CUDA error 36: API call is not supported in the installed CUDA driver (in function cuda_init, /builds/omniverse/warp/warp/native/warp.cu:277)

|---------------------------------------------------------------------------------------------|
| Driver Version: 580.126.09    | Graphics API: Vulkan
|=============================================================================================|
| GPU | Name                             | Active | LDA | GPU Memory | Vendor-ID | LUID       |
|     |                                  |        |     |            | Device-ID | UUID       |
|     |                                  |        |     |            | Bus-ID    |            |
|---------------------------------------------------------------------------------------------|
| 0   | NVIDIA GeForce RTX 4090          | Yes: 0 |     | 24564   MB | 10de      | 0          |
|     |                                  |        |     |            | 2684      | 34d1ab32.. |
|     |                                  |        |     |            | 3b        |            |
|=============================================================================================|
| OS: 22.04.5 LTS (Jammy Jellyfish) ubuntu, Version: 22.04.5, Kernel: 5.15.0-176-generic
| XServer Vendor: The X.Org Foundation, XServer Version: 12101004 (1.21.1.4)
| Processor: Intel(R) Xeon(R) Gold 6430
| Bare Metal Cores: 64 | Bare Metal Logical Cores: 128
| Core Usage Quota: 14
|---------------------------------------------------------------------------------------------|
| Total Memory (MB): 51200 | Free Memory: 46025
| Total Page/Swap (MB): 0 | Free Page/Swap: 0
|---------------------------------------------------------------------------------------------|
Setting seed: 0
[INFO]: Base environment:
	Environment device    : cuda:0
	Environment seed      : 0
	Physics step-size     : 0.008333333333333333
	Rendering step-size   : 0.008333333333333333
	Environment step-size : 0.016666666666666666
2026-08-12T06:50:16Z [7,140ms] [Warning] [isaaclab.envs.direct_rl_env] The render interval (1) is smaller than the decimation (2). Multiple render calls will happen for each environment step.If this is not intended, set the render interval to be equal to the decimation.
[INFO]: Time taken for scene creation : 2.352892 seconds
[INFO]: Scene manager:  <class InteractiveScene>
	Number of environments: 1
	Environment spacing   : 4.0
	Source prim name      : /World/envs/env_0
	Global prim paths     : []
	Replicate physics     : True
[INFO]: Starting the simulation. This may take a few seconds. Please wait...
[INFO]: Time taken for simulation start : 0.591784 seconds
2026-08-12T06:50:19Z [10,087ms] [Warning] [isaaclab.envs.direct_rl_env] DirectRLEnvCfg.num_actions is deprecated. Use DirectRLEnvCfg.action_space instead.
2026-08-12T06:50:19Z [10,087ms] [Warning] [isaaclab.envs.direct_rl_env] DirectRLEnvCfg.num_observations is deprecated. Use DirectRLEnvCfg.observation_space instead.
2026-08-12T06:50:19Z [10,087ms] [Warning] [isaaclab.envs.direct_rl_env] DirectRLEnvCfg.num_states is deprecated. Use DirectRLEnvCfg.state_space instead.
[INFO]: Completed setting up the environment...
Applied embodiment configuration: uuv6
  Mass: 29.7
  Inertia tensors: [0.4840755913836394, 1.2690630368706224, 1.556891766882516]
  COM to COB offset: [0.0, 0.0, 0.01]
  Dynamics time constant: 0.05
  Drag multiplier: 1.0
  Thrusters: 6 (config_alloc=True, mode=pinv)
Setting seed: 0
2026-08-12T06:50:22Z [12,920ms] [Warning] [omni.physx.fabric.plugin] FabricManager::initializePointInstancer mismatched prototypes on point instancer: /Visuals/Command/goal_position.
2026-08-12T06:50:22Z [12,920ms] [Warning] [omni.physx.fabric.plugin] FabricManager::initializePointInstancer mismatched prototypes on point instancer: /Visuals/Command/goal_ang.
2026-08-12T06:50:22Z [12,920ms] [Warning] [omni.physx.fabric.plugin] FabricManager::initializePointInstancer mismatched prototypes on point instancer: /Visuals/Command/goal_z_ang.
2026-08-12T06:50:22Z [12,920ms] [Warning] [omni.physx.fabric.plugin] FabricManager::initializePointInstancer mismatched prototypes on point instancer: /Visuals/Command/z_b.
2026-08-12T06:50:22Z [12,920ms] [Warning] [omni.physx.fabric.plugin] FabricManager::initializePointInstancer mismatched prototypes on point instancer: /Visuals/Command/x_b.
