[3gH    H    H    H    H    H    H    H    H    H    H    H    H    H    H    H    H    H    H    H   [INFO] Using python from: /opt/conda/envs/isaaclab/bin/python
Warp CUDA error: Failed to get driver entry point 'cuDeviceGetUuid' (CUDA error 1)
Warp CUDA error: Function cuDeviceGetUuid_f: a suitable driver entry point was not found
Warp CUDA error 36: API call is not supported in the installed CUDA driver (in function cuda_init, /builds/omniverse/warp/warp/native/warp.cu:277)
[Warning] [simulation_app.simulation_app] Modules: ['omni.kit_app'] were loaded before SimulationApp was started and might not be loaded correctly.
[Warning] [simulation_app.simulation_app] Please check to make sure no extra omniverse or pxr modules are imported before the call to SimulationApp(...)
Loading user config located at: '/opt/conda/envs/isaaclab/lib/python3.11/site-packages/omni/data/Kit/Isaac-Sim/5.0/user.config.json'
[Info] [carb] Logging to file: /opt/conda/envs/isaaclab/lib/python3.11/site-packages/omni/logs/Kit/Isaac-Sim/5.0/kit_20260830_204613.log
2026-08-30T12:46:13Z [117ms] [Warning] [omni.usd_config.extension] Enable omni.materialx.libs extension to use MaterialX
2026-08-30T12:46:13Z [858ms] [Warning] [omni.isaac.dynamic_control] omni.isaac.dynamic_control is deprecated as of Isaac Sim 4.5. No action is needed from end-users.

|---------------------------------------------------------------------------------------------|
| Driver Version: 580.126.09    | Graphics API: Vulkan
|=============================================================================================|
| GPU | Name                             | Active | LDA | GPU Memory | Vendor-ID | LUID       |
|     |                                  |        |     |            | Device-ID | UUID       |
|     |                                  |        |     |            | Bus-ID    |            |
|---------------------------------------------------------------------------------------------|
| 0   | NVIDIA GeForce RTX 4090          | Yes: 0 |     | 24564   MB | 10de      | 0          |
|     |                                  |        |     |            | 2684      | 325b8045.. |
|     |                                  |        |     |            | 11        |            |
|=============================================================================================|
| OS: 22.04.5 LTS (Jammy Jellyfish) ubuntu, Version: 22.04.5, Kernel: 5.15.0-176-generic
| XServer Vendor: The X.Org Foundation, XServer Version: 12101004 (1.21.1.4)
| Processor: Intel(R) Xeon(R) Gold 6430
| Bare Metal Cores: 64 | Bare Metal Logical Cores: 128
| Core Usage Quota: 14
|---------------------------------------------------------------------------------------------|
| Total Memory (MB): 51200 | Free Memory: 48061
| Total Page/Swap (MB): 0 | Free Page/Swap: 0
|---------------------------------------------------------------------------------------------|
2026-08-30T12:46:19Z [6,474ms] [Warning] [isaaclab.envs.direct_rl_env] Seed not set for the environment. The environment creation may not be deterministic.
2026-08-30T12:46:19Z [6,505ms] [Warning] [isaaclab.envs.direct_rl_env] The render interval (1) is smaller than the decimation (2). Multiple render calls will happen for each environment step.If this is not intended, set the render interval to be equal to the decimation.
2026-08-30T12:46:22Z [9,340ms] [Warning] [isaaclab.envs.direct_rl_env] DirectRLEnvCfg.num_actions is deprecated. Use DirectRLEnvCfg.action_space instead.
2026-08-30T12:46:22Z [9,340ms] [Warning] [isaaclab.envs.direct_rl_env] DirectRLEnvCfg.num_observations is deprecated. Use DirectRLEnvCfg.observation_space instead.
2026-08-30T12:46:22Z [9,340ms] [Warning] [isaaclab.envs.direct_rl_env] DirectRLEnvCfg.num_states is deprecated. Use DirectRLEnvCfg.state_space instead.
2026-08-30T12:46:23Z [10,335ms] [Warning] [omni.physx.fabric.plugin] FabricManager::initializePointInstancer mismatched prototypes on point instancer: /Visuals/Command/goal_ang.
2026-08-30T12:46:23Z [10,335ms] [Warning] [omni.physx.fabric.plugin] FabricManager::initializePointInstancer mismatched prototypes on point instancer: /Visuals/Command/x_b.
2026-08-30T12:46:23Z [10,335ms] [Warning] [omni.physx.fabric.plugin] FabricManager::initializePointInstancer mismatched prototypes on point instancer: /Visuals/Command/goal_position.
2026-08-30T12:46:23Z [10,335ms] [Warning] [omni.physx.fabric.plugin] FabricManager::initializePointInstancer mismatched prototypes on point instancer: /Visuals/Command/goal_z_ang.
2026-08-30T12:46:23Z [10,335ms] [Warning] [omni.physx.fabric.plugin] FabricManager::initializePointInstancer mismatched prototypes on point instancer: /Visuals/Command/z_b.
