[3gH    H    H    H    H    H    H    H    H    H    H    H    H    H    H    H    H    H    H    H   [INFO] Using python from: /opt/conda/envs/isaaclab/bin/python
Warp CUDA error: Failed to get driver entry point 'cuDeviceGetUuid' (CUDA error 1)
Warp CUDA error: Function cuDeviceGetUuid_f: a suitable driver entry point was not found
Warp CUDA error 36: API call is not supported in the installed CUDA driver (in function cuda_init, /builds/omniverse/warp/warp/native/warp.cu:277)
[INFO][AppLauncher]: Using device: cuda:0
[INFO][AppLauncher]: Loading experience file: /root/IsaacLab/apps/isaaclab.python.headless.kit
embodiment_usd=/root/EASYkoopman-phase6-v2/easyuuv_nc/data/embodiment/embodiment.usd
gym_task_id=EasyUUV-Direct-v1;entry_point=easyuuv_nc.env:EasyUUVEnv
gym_task_id=EasyUUV-Direct-Parametric-v1;entry_point=easyuuv_nc.env:EasyUUVEnv
gym_task_id=EasyUUV-Direct-Parametric-SatObs-v1;entry_point=easyuuv_nc.env:EasyUUVEnv
gym_task_id=EasyUUV-Direct-Parametric-Wide256-v1;entry_point=easyuuv_nc.env:EasyUUVEnv
[Warning] [simulation_app.simulation_app] Modules: ['omni.kit_app'] were loaded before SimulationApp was started and might not be loaded correctly.
[Warning] [simulation_app.simulation_app] Please check to make sure no extra omniverse or pxr modules are imported before the call to SimulationApp(...)
Loading user config located at: '/opt/conda/envs/isaaclab/lib/python3.11/site-packages/omni/data/Kit/Isaac-Sim/5.0/user.config.json'
[Info] [carb] Logging to file: /opt/conda/envs/isaaclab/lib/python3.11/site-packages/omni/logs/Kit/Isaac-Sim/5.0/kit_20260811_224344.log
2026-08-11T14:43:44Z [129ms] [Warning] [omni.usd_config.extension] Enable omni.materialx.libs extension to use MaterialX
2026-08-11T14:43:45Z [962ms] [Warning] [omni.isaac.dynamic_control] omni.isaac.dynamic_control is deprecated as of Isaac Sim 4.5. No action is needed from end-users.

|---------------------------------------------------------------------------------------------|
| Driver Version: 580.126.09    | Graphics API: Vulkan
|=============================================================================================|
| GPU | Name                             | Active | LDA | GPU Memory | Vendor-ID | LUID       |
|     |                                  |        |     |            | Device-ID | UUID       |
|     |                                  |        |     |            | Bus-ID    |            |
|---------------------------------------------------------------------------------------------|
| 0   | NVIDIA GeForce RTX 4090          | Yes: 0 |     | 24564   MB | 10de      | 0          |
|     |                                  |        |     |            | 2684      | 29dec702.. |
|     |                                  |        |     |            | 9         |            |
|=============================================================================================|
| OS: 22.04.5 LTS (Jammy Jellyfish) ubuntu, Version: 22.04.5, Kernel: 5.15.0-176-generic
| XServer Vendor: The X.Org Foundation, XServer Version: 12101004 (1.21.1.4)
| Processor: Intel(R) Xeon(R) Gold 6430
| Bare Metal Cores: 64 | Bare Metal Logical Cores: 128
| Core Usage Quota: 14
|---------------------------------------------------------------------------------------------|
| Total Memory (MB): 51200 | Free Memory: 47597
| Total Page/Swap (MB): 0 | Free Page/Swap: 0
|---------------------------------------------------------------------------------------------|
